// Jest Snapshot v1, https://goo.gl/fbAQLP

exports[`Button should render with text and class 1`] = `
<button
  class="my-btn-class"
>
  Click me
</button>
`;
